"pet_animal", "pet_treats_0","pet_treats_1","pet_treats_2", "pet_diet_meat","pet_diet_veggies_0","pet_diet_veggies_1","pet_age","pet_coat pattern","pet_food_dry_0","pet_food_dry_1","pet_food_wet","pet_names_0","pet_names_1", "pet_declawed"

"None","None","None","None","None","None","None","","","","","","","",""

"","","","","","","","None","None","None","None","None","None","None","None"

