"fruit_P","fruit_I","fruit_E"

"test
code", "None", "10"

"","True",""

