"fruit_animal","fruit_breed","fruit_coat pattern"
"	","",""
"
","",""
"","",""
"","",""
