"fruit_C","fruit_A","fruit_T","fruit_S"

"","","",""

"","","",""

