"items_item_1","items_item_2","items_item_2_0","items_item_2_1"

"value	1","","sub_value_31","sub_value_32"

"None","value ""5""","",""
