"items_node_C","items_node_A","items_node_T","items_node_S"

"","","",""

"","","",""
