"pet_age","pet_animal","pet_breed","pet_coat","pet_colour","pet_declawed","pet_diet_meat","pet_diet_veggies_0","pet_diet_veggies_1","pet_food_dry_0","pet_food_dry_1","pet_food_wet","pet_names_0","pet_names_1","pet_treats_0","pet_treats_1"
"5","Dog","Rottweiler","Shot Haired","Black","","","","","","","","","","",""
"","","","","","No","Chicken","Broccoli","Carrot","Kibble","Biscuits","","Loki","Chonky Boi","Cookies",""
